// Jest Snapshot v1, https://goo.gl/fbAQLP

exports[`node() should generate a validator for Nodes with value ["foo", [Object]] and options {} 1`] = `"[Super Props] Invalid  \`value\` supplied to \`Component\`, expected a ReactNode."`;

exports[`node() should generate a validator for Nodes with value {} and options {} 1`] = `"[Super Props] Invalid  \`value\` supplied to \`Component\`, expected a ReactNode."`;

exports[`node() should generate a validator for Nodes with value true and options {} 1`] = `"[Super Props] Invalid  \`value\` supplied to \`Component\`, expected a ReactNode."`;

exports[`node() should generate a validator for Nodes with value undefined and options {} 1`] = `"[Super Props] The  \`value\` is marked as required in \`Component\`, but its value is \`undefined\`."`;
